🔧 Setting up Node.js 20 with NVM...
✅ NVM loaded
📦 Installing Node.js 20...
v20.20.0 is already installed.
Now using node v20.20.0 (npm v10.8.2)
🔄 Switching to Node.js 20...
Now using node v20.20.0 (npm v10.8.2)

✅ Node.js version:
v20.20.0
✅ npm version:
10.8.2

📦 Installing project dependencies...
npm warn deprecated inflight@1.0.6: This module is not supported, and leaks memory. Do not use it. Check out lru-cache if you want a good and tested way to coalesce async requests by a key value, which is much more comprehensive and powerful.
npm warn deprecated rimraf@3.0.2: Rimraf versions prior to v4 are no longer supported
npm warn deprecated glob@7.2.3: Old versions of glob are not supported, and contain widely publicized security vulnerabilities, which have been fixed in the current version. Please update. Support for old versions may be purchased (at exorbitant rates) by contacting i@izs.me
npm warn deprecated glob@7.2.3: Old versions of glob are not supported, and contain widely publicized security vulnerabilities, which have been fixed in the current version. Please update. Support for old versions may be purchased (at exorbitant rates) by contacting i@izs.me
npm warn deprecated glob@7.2.3: Old versions of glob are not supported, and contain widely publicized security vulnerabilities, which have been fixed in the current version. Please update. Support for old versions may be purchased (at exorbitant rates) by contacting i@izs.me
npm warn deprecated glob@7.2.3: Old versions of glob are not supported, and contain widely publicized security vulnerabilities, which have been fixed in the current version. Please update. Support for old versions may be purchased (at exorbitant rates) by contacting i@izs.me

added 640 packages, and audited 641 packages in 5s

55 packages are looking for funding
  run `npm fund` for details

found 0 vulnerabilities

🚀 Building Android APK with EAS...
This may take 5-10 minutes...

npm error could not determine executable to run
npm error A complete log of this run can be found in: /Users/Abdourhamane/.npm/_logs/2026-02-16T21_30_43_683Z-debug-0.log
